// Jest Snapshot v1, https://goo.gl/fbAQLP

exports[`SampleComponent Expect SampleComponent to return a div with its name 1`] = `
<div
  className="HeaderIcons"
>
  <button
    className="IconButton"
    onClick={[Function]}
    type="button"
  >
    <i
      className="material-icons"
      style={null}
    >
      add_circle
    </i>
  </button>
  <button
    className="IconButton"
    onClick={[Function]}
    type="button"
  >
    <i
      className="material-icons"
      style={null}
    >
      add_alert
    </i>
  </button>
  <button
    className="IconButton"
    onClick={[Function]}
    type="button"
  >
    <i
      className="material-icons"
      style={null}
    >
      notifications_active
    </i>
  </button>
  <button
    className="IconButton"
    onClick={[Function]}
    type="button"
  >
    <i
      className="material-icons"
      style={null}
    >
      settings
    </i>
  </button>
</div>
`;

exports[`SampleComponent Expect SampleComponent to return a div with its name 2`] = `
<div
  className="HeaderIcons"
>
  <button
    className="IconButton"
    onClick={[Function]}
    type="button"
  >
    <i
      className="material-icons"
      style={null}
    >
      add_circle
    </i>
  </button>
  <button
    className="IconButton"
    onClick={[Function]}
    type="button"
  >
    <i
      className="material-icons"
      style={null}
    >
      add_alert
    </i>
  </button>
  <button
    className="IconButton"
    onClick={[Function]}
    type="button"
  >
    <i
      className="material-icons"
      style={null}
    >
      notifications_active
    </i>
  </button>
  <button
    className="IconButton"
    onClick={[Function]}
    type="button"
  >
    <i
      className="material-icons"
      style={null}
    >
      settings
    </i>
  </button>
</div>
`;
